[  0.000 Inialin cgro sbsyspuet
[    0000] itliing ro subs u
[  00000]nializg rop suyspuac
  0.0000Linuveio 4.4-109genec uidd@l01md6438(gc versio5.4.20069 (Unt5.4.6untu1~16.04.5) ) #132-Ubuntu SMP Tue Jan 9 19:52:39 UTC 2018 (Ubuntu 4.4.0-109.132-generic 4.4.98)
[    0.000000] Command line: BOOT_IMAGE=/boot/vmlinuz-4.4.0-109-generic root=UUID=676eac73-81dc-4fbd-bdea-aebcbe447240 ro console=tty1 console=ttyS0
[    0.000000] KERNEL supported cpus:
[    0.000000]   Intel GenuineIntel
[    0.000000]   AMD AuthenticAMD
[    0.000000]   Centaur CentaurHauls
[    0.000000] x86/fpu: xstate_offset[2]:  576, xstate_ze[2]:  6[   .0000]86pu Suprtg XSAVfeure 01'x87loin point registers'
[    0.000000] x86/fpu: Supporting XSAVE feature 0x02: 'SSE registers'
[    0.000000] x86/fpu: Supporting XSAVE feature 0x04: 'AVX registers'
[    0.000000] x86/fpu: Enabled xstate features 0x7, context size is 832 bytes, using 'standard' format.
[    0.000000] x86/fpu: Using 'lazy' FPU context switches.
[    0.000000] e820: BIOS-provided physical RAM map:
[    0.000000] BIOS-e820: [mem 0x0000000000000000-0x000000000009fbff] usable
[    0.000000] BIOS-e820: [mem 0x000000000009fc00-0x000000000009ffff] reserved
[    0.000000] BIOS-e820: [mem 0x00000000000f0000-0x00000000000fffff] reserved
[    0.000000] BIOS-e820: [mem 0x0000000000100000-0x000000003ffeffff] usable
[    0.000000] BIOS-e820: [mem 0x000000003fff0000-0x000000003fffffff] ACPI data
[    0.000000] BIOS-e820: [mem 0x00000000fec00000-0x00000000fec00fff] reserved
[    0.000000] BIOS-e820: [mem 0x00000000fee00000-0x00000000fee00fff] reserved
[    0.000000] BIOS-e820: [mem 0x00000000fffc0000-0x00000000ffffffff] reserved
[    0.000000] NX (Execute Disable) protection: active
[    0.000000] SMBIOS 2.5 present.
[    0.000000] Hypervisor detected: KVM
[    0.000000] e820: last_pfn = 0x3fff0 max_arch_pfn = 0x400000000
[    0.000000] MTRR: Disabled
[    0.000000] x86/PAT: MTRRs disabled, skipping PAT initialization too.
[    0.000000] CPU MTRRs all blank - virtualized system.
[    0.000000] x86/PAT: Configuration [0-7]: WB  WT  UC- UC  WB  WT  UC- UC  
[    0.000000] found SMP MP-table at [mem 0x0009fff0-0x0009ffff] mapped at [ffff88000009fff0]
[    0.000000] Scanning 1 areas for low memory corruption
[    0.000000] RAMDISK: [mem 0x36232000-0x37110fff]
[    0.000000] ACPI: Early table checksum verification disabled
[    0.000000] ACPI: RSDP 0x00000000000E0000 000024 (v02 VBOX  )
[    0.000000] ACPI: XSDT 0x000000003FFF0030 00003C (v01 VBOX   VBOXXSDT 00000001 ASL  00000061)
[  0.00000] AI:FACPx0000000FFF00000F4(v VOX  VBFA 000001 L  0001)
[    .000] ACPIDST 0x00003FFF040 21F (v VX   OXOS000002NTL 1608
[  00000 AI:FACSx00000FF20 0000[    00000] PIFACS 000003FFF02 0040  0.0000] PI: APICx000003F02 000C 02VBOX  VBXAC 0000 AL 0006)
[  0000 AI:SSDTx0000003F00 00CCv0 VBO  OXCPT 000002 INT206010
   0.00000 N NUMcoiguriofond
  .0000]akng a node at [mem 0x0000000000000000-0x000000003ffeffff]
[    0.000000] NODE_DATA(0) allocated [mem 0x3ffeb000-0x3ffeffff]
[    0.000000] kvm-clock: Using msrs 4b564d01 and 4b564d00
[    0.000000] kvm-clock: cpu 0, msr 0:3ffe3001, primary cpu clock
[    0.000000] kvm-clock: using sched offset of 3053629107 cycles
[    0.000000] clocksource: kvm-clock: mask: 0xffffffffffffffff max_cycles: 0x1cd42e4dffb, max_idle_ns: 881590591483 ns
[    0.000000] Zone ranges:
[    0.000000]   DMA      [mem 0x0000000000001000-0x0000000000ffffff]
[    0.000000]   DMA32    [mem 0x0000000001000000-0x000000003ffeffff]
[    0.000000]   Normal   empty
[    0.000000]   Device   empty
[    0.00000 Mable zone start for eah node
[  0000000Ealy memor ne rangs    0.000000]   node   0: [mem 0x0000000000001000-0x000000009eff
[     0.000000]   node   0: [mem 0x0000000000100000-0x000000003ffeffff]
[    0.000000] Initmem setup node 0 [mem 0x0000000000001000-0x000000003ffeffff]
[    0.000000] ACPI: PM-Timer IO Port: 0x4008
[    0.000000] IOAPIC[0]: apic_id 2, version 32, address 0xfec00000, GSI 0-23
[    0.000000] ACPI: INT_SRC_OVR (bus 0 bus_irq 0 global_irq 2 df dfl)
[    0.000000] ACPI: INT_SRC_OVR (bus 0 bus_irq 9 global_irq 9 low level)
[    0.000000] Using ACPI (MADT) for SMP configuration information
[    0.000000] smpboot: Allowing 2 CPUs, 0 hotplug CPUs
[    0.000000] PM: Registered nosave memory: [mem 0x00000000-0x00000fff]
[    0.000000] PM: Registered nosave memory: [mem 0x0009f000-0x0009ffff]
[    0.000000] PM: Registered nosave memory: [mem 0x000a0000-0x000effff]
[    0.000000] PM: Registered nosave memory: [mem 0x000f0000-0x000fffff]
[    0.000000] e820: [mem 0x40000000-0xfebfffff] available for PCI devices
[    0.000000] Booting paravirtualized kernel on KVM
[    0.000000] clocksource: refined-jiffies: mask: 0xffffffff max_cycles: 0xffffffff, max_idle_ns: 7645519600211568 ns
[    0.000000] setup_percpu: NR_CPUS:512 nr_cpumask_bits:512 nr_cpu_ids:2 nr_node_ids:1
[    0.000000] PERCPU: Embedded 34 pages/cpu @ffff88003fc00000 s99544 r8192 d31528 u1048576
[    0.000000] PV qspinlock hash table entries: 256 (order: 0, 4096 bytes)
[    0.000000] Built 1 zonelists in Node order, mobility grouping on.  Total pages: 257913
[    0.000000] Policy zone: DMA32
[    0.000000] Kernel command line: BOOT_IMAGE=/boot/vmlinuz-4.4.0-109-generic root=UUID=676eac73-81dc-4fbd-bdea-aebcbe447240 ro console=tty1 console=ttyS0
[    0.000000] PID hash table entries: 4096 (order: 3, 32768 bytes)
[    0.000000] Memory: 997304K/1048120K available (8485K kernel code, 1308K rwdata, 3988K rodata, 1508K init, 1316K bss, 50816K reserved, 0K cma-reserved)
[    0.000000] SLUB: HWalign=64, Order=0-3, MinObjects=0, CPUs=2, Nodes=1
[    0.000000] Kernel/User page tables isolation: enabled
[    0.000000] Hierarchical RCU implementation.
[    0.000000] 	Build-time adjustment of leaf fanout to 64.
[    0.000000] 	RCU restricting CPUs from NR_CPUS=512 to nr_cpu_ids=2.
[    0.000000] RCU: Adjusting geometry for rcu_fanout_leaf=64, nr_cpu_ids=2
[    0.000000] NR_IRQS:33024 nr_irqs:440 16
[    0.000000] Console: colour VGA+ 80x25
[    0.000000] console [tty1] enabled
[    0.000000] console [ttyS0] enabled
[    0.000000] tsc: Detected 2809.004 MHz processor
[    4.835886] Calibrating delay loop (skipped) preset value.. 5618.00 BogoMIPS (lpj=11236016)
[    4.837302] pid_max: default: 32768 minimum: 301
[    4.838035] ACPI: Core revision 20150930
[    4.839403] ACPI: 2 ACPI AML tables successfully acquired and loaded
[    4.840378] Security Framework initialized
[    4.841055] Yama: becoming mindful.
[    4.841611] AppArmor: AppArmor initialized
[    4.842295] Dentry cache hash table entries: 131072 (order: 8, 1048576 bytes)
[    4.843928] Inode-cache hash table entries: 65536 (order: 7, 524288 bytes)
[    4.845034] Mount-cache hash table entries: 2048 (order: 2, 16384 bytes)
[    4.846069] Mountpoint-cache hash table entries: 2048 (order: 2, 16384 bytes)
[    4.847311] Initializing cgroup subsys io
[    4.847937] Initializing cgroup subsys memory
[    4.848642] Initializing cgroup subsys devices
[    4.849383] Initializing cgroup subsys freezer
[    4.850029] Initializing cgroup subsys net_cls
[    4.850722] Initializing cgroup subsys perf_event
[    4.851443] Initializing cgroup subsys net_prio
[    4.852118] Initializing cgroup subsys hugetlb
[    4.852797] Initializing cgroup subsys pids
[    4.859013] CPU: Physical Processor ID: 0
[    4.859634] CPU: Processor Core ID: 0
[    4.861201] mce: CPU supports 0 MCE banks
[    4.861918] Last level iTLB entries: 4KB 64, 2MB 8, 4MB 8
[    4.862663] Last level dTLB entries: 4KB 64, 2MB 0, 4MB 0, 1GB 4
[    4.865360] Freeing SMP alternatives memory: 32K
[    4.872683] ftrace: allocating 32171 entries in 126 pages
[    4.907094] smpboot: APIC(0) Converting physical 0 to logical package 0
[    4.909381] smpboot: Max logical packages: 1
[    4.910294] x2apic enabled
[    4.910936] Switched APIC routing to physical x2apic.
[    4.912552] ..TIMER: vector=0x30 apic1=0 pin1=2 apic2=-1 pin2=-1
[    5.019262] smpboot: CPU0: Intel(R) Core(TM) i7-6700T CPU @ 2.80GHz (family: 0x6, model: 0x5e, stepping: 0x3)
[    5.272122] Performance Events: unsupported p6 CPU model 94 no PMU driver, software events only.
[    5.323842] KVM setup paravirtual spinlock
[    5.325122] x86: Booting SMP configuration:
[    5.328237] .... node  #0, CPUs:      #1
[    5.329013] kvm-clock: cpu 1, msr 0:3ffe3041, secondary cpu clock
[    5.330502] mce: CPU supports 0 MCE banks
[    5.332818] x86: Booted up 1 node, 2 CPUs
[    5.333668] smpboot: Total of 2 processors activated (11236.01 BogoMIPS)
[    5.334952] devtmpfs: initialized
[    5.336716] evm: security.selinux
[    5.338456] evm: security.SMACK64
[    5.338987] evm: security.SMACK64EXEC
[    5.339554] evm: security.SMACK64TRANSMUTE
[    5.340212] evm: security.SMACK64MMAP
[    5.340840] evm: security.ima
[    5.341481] evm: security.capability
[    5.342370] clocksource: jiffies: mask: 0xffffffff max_cycles: 0xffffffff, max_idle_ns: 7645041785100000 ns
[    5.343898] futex hash table entries: 512 (order: 3, 32768 bytes)
[    5.344968] pinctrl core: initialized pinctrl subsystem
[    5.345848] RTC time: 20:44:28, date: 02/07/18
[    5.346690] NET: Registered protocol family 16
[    5.359579] cpuidle: using governor ladder
[    5.375838] cpuidle: using governor menu
[    5.378766] PCCT header not found.
[    5.379482] ACPI: bus type PCI registered
[    5.380108] acpiphp: ACPI Hot Plug PCI Controller Driver version: 0.5
[    5.397167] PCI: Using configuration type 1 for base access
[    5.567886] ACPI: Added _OSI(Module Device)
[    5.623886] ACPI: Added _OSI(Processor Device)
[    5.624529] ACPI: Added _OSI(3.0 _SCP Extensions)
[    5.625203] ACPI: Added _OSI(Processor Aggregator Device)
[    5.626452] ACPI: Executed 1 blocks of module-level executable AML code
[    5.629011] ACPI: Interpreter enabled
[    5.737445] ACPI: (supports S0 S5)
[    5.836019] ACPI: Using IOAPIC for interrupt routing
[    5.984349] PCI: Using host bridge windows from ACPI; if necessary, use "pci=nocrs" and report a bug
[    6.083749] ACPI: PCI Root Bridge [PCI0] (domain 0000 [bus 00-ff])
[    6.084791] acpi PNP0A03:00: _OSC: OS supports [ASPM ClockPM Segments MSI]
[    6.085609] acpi PNP0A03:00: _OSC: not requesting OS control; OS requires [ExtendedConfig ASPM ClockPM MSI]
[    6.086831] acpi PNP0A03:00: fail to add MMCONFIG information, can't access extended PCI configuration space under this bridge.
[    6.429332] PCI host bridge to bus 0000:00
[    6.551731] pci_bus 0000:00: root bus resource [io  0x0000-0x0cf7 window]
[    6.646959] pci_bus 0000:00: root bus resource [io  0x0d00-0xffff window]
[    6.777652] pci_bus 0000:00: root bus resource [mem 0x000a0000-0x000bffff window]
[    6.953595] pci_bus 0000:00: root bus resource [mem 0x40000000-0xfdffffff window]
[    7.187002] pci_bus 0000:00: root bus resource [bus 00-ff]
[    7.356857] pci 0000:00:01.1: legacy IDE quirk: reg 0x10: [io  0x01f0-0x01f7]
[    7.501674] pci 0000:00:01.1: legacy IDE quirk: reg 0x14: [io  0x03f6]
[    7.667287] pci 0000:00:01.1: legacy IDE quirk: reg 0x18: [io  0x0170-0x0177]
[    7.674107] pci 0000:00:01.1: legacy IDE quirk: reg 0x1c: [io  0x0376]
[    7.794797] pci 0000:00:07.0: quirk: [io  0x4000-0x403f] claimed by PIIX4 ACPI
[    8.007285] pci 0000:00:07.0: quirk: [io  0x4100-0x410f] claimed by PIIX4 SMB
[    8.211595] ACPI: PCI Interrupt Link [LNKA] (IRQs 5 9 10 *11)
[    8.368721] ACPI: PCI Interrupt Link [LNKB] (IRQs 5 9 *10 11)
[    8.444402] ACPI: PCI Interrupt Link [LNKC] (IRQs 5 *9 10 11)
[    8.445616] ACPI: PCI Interrupt Link [LNKD] (IRQs 5 9 10 *11)
[    8.446922] ACPI: Enabled 2 GPEs in block 00 to 07
[    8.451845] vgaarb: setting as boot device: PCI:0000:00:02.0
[    8.455380] vgaarb: device added: PCI:0000:00:02.0,decodes=io+mem,owns=io+mem,locks=none
[    8.456795] vgaarb: loaded
[    8.457390] vgaarb: bridge control possible 0000:00:02.0
[    8.458330] SCSI subsystem initialized
[    8.459218] ACPI: bus type USB registered
[    8.460037] usbcore: registered new interface driver usbfs
[    8.460977] usbcore: registered new interface driver hub
[    8.461758] usbcore: registered new device driver usb
[    8.464331] PCI: Using ACPI for IRQ routing
[    8.467555] NetLabel: Initializing
[    8.493522] NetLabel:  domain hash size = 128
[    8.494174] NetLabel:  protocols = UNLABELED CIPSOv4
[    8.494904] NetLabel:  unlabeled traffic allowed by default
[    8.496011] amd_nb: Cannot enumerate AMD northbridges
[    8.517698] clocksource: Switched to clocksource kvm-clock
[    8.523771] AppArmor: AppArmor Filesystem Enabled
[    8.530133] pnp: PnP ACPI init
[    8.531152] pnp: PnP ACPI: found 3 devices
[   8.539791] clocksource: acpi_pm: mask: 0xffffff max_cycles: 0xffffff, max_idle_ns: 2085701024 ns
[    8.562765] NET: Registered protocol family 2

[    8.563629] TCP established hash table entries: 8192 (order: 4, 65536 bytes)
[    8.569958] TCP bind hash table entries: 8192 (order: 5, 131072 bytes)
[    8.570881] TCP: Hash tables configured (established 8192 bind 8192)
[    8.571873] UDP hash table entries: 512 (order: 2, 16384 bytes)
[    8.572779] UDP-Lite hash table entries: 512 (order: 2, 16384 bytes)
[    8.573666] NET: Registered protocol family 1
[    8.574394] pci 0000:00:00.0: Limiting direct PCI/PCI transfers
[    8.575311] pci 0000:00:01.0: Activating ISA DMA hang workarounds
[    8.576273] Unpacking initramfs...
[    8.761419] Freeing initrd memory: 15228K
[    8.967489] platform rtc_cmos: registered platform RTC device (no PNP device found)
[    9.422338] Scanning for low memory corruption every 60 seconds
[    9.752779] audit: initializing netlink subsys (disabled)
[    9.755234] audit: type=2000 audit(1518036269.480:1): initialized
[    9.761984] Initialise system trusted keyring
[    9.767193] HugeTLB registered 2 MB page size, pre-allocated 0 pages
[    9.769066] zbud: loaded
[    9.769707] VFS: Disk quotas dquot_6.6.0
[    9.770314] VFS: Dquot-cache hash table entries: 512 (order 0, 4096 bytes)
[    9.771520] squashfs: version 4.0 (2009/01/31) Phillip Lougher
[    9.772605] fuse init (API version 7.23)
[    9.773259] Key type big_key registered
[    9.773852] Allocating IMA MOK and blacklist keyrings.
[    9.775463] Key type asymmetric registered
[    9.776646] Asymmetric key parser 'x509' registered
[    9.777969] Block layer SCSI generic (bsg) driver version 0.4 loaded (major 249)
[    9.779631] io scheduler noop registered
[    9.780217] io scheduler deadline registered (default)
[    9.780948] io scheduler cfq registered
[    9.781627] pci_hotplug: PCI Hot Plug PCI Core version: 0.5
[    9.908085] pciehp: PCI Express Hot Plug Controller Driver version: 0.4
[    9.908973] ACPI: AC Adapter [AC] (on-line)
[    9.909638] input: Power Button as /devices/LNXSYSTM:00/LNXPWRBN:00/input/input0
[    9.910730] ACPI: Power Button [PWRF]
[    9.911337] input: Sleep Button as /devices/LNXSYSTM:00/LNXSLPBN:00/input/input1
[    9.912348] ACPI: Sleep Button [SLPF]
[    9.913072] GHES: HEST is not enabled!
[    9.913703] Serial: 8250/16550 driver, 32 ports, IRQ sharing enabled
[    9.935958] 00:02: ttyS0 at I/O 0x3f8 (irq = 4, base_baud = 115200) is a 16550A
[   10.366934] tsc: Refined TSC clocksource calibration: 2806.209 MHz
[   10.700004] clocksource: tsc: mask: 0xffffffffffffffff max_cycles: 0x28732a579b1, max_idle_ns: 440795284221 ns
[   10.703600] Linux agpgart interface v0.103
[   0.969] loop: module loaded
[   11.038306] scsi host0: ata_pii

[   11.230438] scsi host1: ata_piix
[   11.407452] ata1: PATA max UDMA/33 cmd 0x1f0 ctl 0x3f6 bmdma 0xd000 irq 14
[   11.497952] ata2: PATA max UDMA/33 cmd 0x170 ctl 0x376 bmdma 0xd008 irq 15
[   11.499335] libphy: Fixed MDIO Bus: probed
[   11.500123] tun: Universal TUN/TAP device driver, 1.6
[   11.501033] tun: (C) 1999-2004 Max Krasnyansky <maxk@qualcomm.com>
[   11.501948] PPP generic driver version 2.4.2
[   11.502754] ehci_hcd: USB 2.0 'Enhanced' Host Contrllr (EHCI) Drir
[   11.755698] ehci-pci: EHCI PCI platform driver
[   11.869511] ehci-platform: EHCI generic platform driver
[   11.879663] ohci_hcd: USB 1.1 'Open' Host Controller (OHCI) Driver
[   11.886897] ohci-pci: OHCI PCI platform driver
[   11.919414] ohci-platform: OHCI generic platform driver
[   12.156129] uhci_hcd: USB Universal Host Controller Interface driver
[   12.247524] i8042: PNP: PS/2 Controller [PNP0303:PS2K,PNP0f03:PS2M] at 0x60,0x64 irq 1,12
[   1.249113] serio: i8042 KBD port at 0x60,0x64 irq 1
[ 122935seo:80 A pt  00,64rq2
[   12.906094] mousedev: PS/2 mouse device common for all mice
[   12.926410] input: AT Translated Set 2 eyaras/devices/platform/i8042/serio0/input/input2
[   13.377220] rtcmortcm: c rerestered rtc_cmos as rtc0
[   13.926600] rtc_cmos rtc_cmos: alarms up to one day, 114 bytes nvram
[   13.985780] i2c /dev entries driver
[   13.986906] device-mapper: uevent: version 1.0.3
[   13.988364] device-mapper: ioctl: 4.34.0-ioctl (2015-10-28) initialised: dm-devel@redhat.com
[   13.990092] ledtrig-cpu: registered to indicate activity on CPUs
[   13.991401] NET: Registered protocol family 10
[   13.992168] NET: Registered protocol family 17
[   13.992796] Key type dns_resolver registered
[   13.993548] microcode: CPU0 sig=0x506e3, pf=0x2, revision=0x0
[   14.442557] microcode: CPU1 sig=0x506e3, pf=0x2, revision=0x0
[   14.595587] microcode: Microcode Update Driver: v2.01 <tigran@aivazian.fsnet.co.uk>, Peter Oruba
[   14.596885] registered taskstats version 1
[   14.597486] Loading compiled-in X.509 certificates
[   14.598639] Loaded X.509 cert 'Build time autogenerated kernel key: 96e61bd247bb64eca97a9fc71b0e99'
  4.46661] zswap: loaded using pool lzo/zbud
[   15.037891] Key type trusted registered
[   15.146919] Key type encrypted registered
[   15.242153] AppArmor: AppArmor sha1 policy hashing enabled
[   15.242841] ima: No TPM chip found, activating TPM-bypass!
[   15.243540] evm: HMAC attrs: 0x1
[   15.244275]   Magic number: 6:307:750
[   15.244869] ata_link link1: hash matches
[   15.245455]  link1: hash matches
[   15.245992] tty ttyS1: hash matches
[   15.246621] rtc_cmos rtc_cmos: setting system clock to 2018-02-07 20:44:38 UTC (1518036278)
[   15.247894] BIOS EDD facility v0.16 2004-Jun-25, 0 devices found
[   15.248686] EDD information not available.
[   15.250397] Freeing unused kernel memory: 1508K
[   15.383503] Write protecting the kernel read-only data: 14336k
[   15.555913] Freeing unused kernel memory: 1744K
[   15.686675] Freeing unused kernel memory: 108K
Loading, please [   15.752867] random: systemd-udevd: uninitialized urandom read (16 bytes read, 7 bits of entropy available)
wait...
startin[   15.753407] random: udevadm: uninitialized urandom read (16 bytes read, 7 bits of entropy available)
g version 229
[   15.753424] random: udevadm: uninitialized urandom read (16 bytes read, 7 bits of entropy available)
[   15.762072] random: udevadm: uninitialized urandom read (16 bytes read, 7 bits of entropy available)
[   15.762111] random: udevadm: uninitialized urandom read (16 bytes read, 7 bits of entropy available)
[   15.762241] random: udevadm: uninitialized urandom read (16 bytes read, 7 bits of entropy available)
[   15.762291] random: udevadm: uninitialized urandom read (16 bytes read, 7 bits of entropy available)
[   15.762342] random: udevadm: uninitialized urandom read (16 bytes read, 7 bits of entropy available)
[   15.762392] random: udevadm: uninitialized urandom read (16 bytes read, 7 bits of entropy available)
[   15.762472] random: udevadm: uninitialized urandom read (16 bytes read, 7 bits of entropy available)
[   16.398794] e1000: Intel(R) PRO/1000 Network Driver - version 7.3.21-k8-NAPI
[   16.674642] e1000: Copyright (c) 1999-2006 Intel Corporation.
[   16.907033] Fusion MPT base driver 3.04.20
[   17.184224] Copyright (c) 1999-2008 LSI Corporation
[   17.195304] Fusion MPT SPI Host driver 3.04.20
[   17.573216] AVX2 version of gcm_enc/dec engaged.
[   17.713173] AES CTR mode by8 optimization enabled
[   17.779811] input: ImExPS/2 Generic Explorer Mouse as /devices/platform/i8042/serio1/input/input4
[   17.900845] e1000 0000:00:03.0 eth0: (PCI:33MHz:32-bit) 02:38:07:4c:82:85
[   18.184276] e1000 0000:00:03.0 eth0: Intel(R) PRO/1000 Network Connection
[   18.188664] mptbase: ioc0: Initiating bringup
[   18.189200] e1000 0000:00:03.0 enp0s3: renamed from eth0
[   18.258038] ioc0: LSI53C1030 A0: Capabilities={Initiator}
[   18.519702] scsi host2: ioc0: LSI53C1030 A0, FwRev=00000000h, Ports=1, MaxQ=256, IRQ=20
[   18.911098] scsi 2:0:0:0: Direct-Access     VBOX     HARDDISK         1.0  PQ: 0 ANSI: 5
[   19.234085] scsi target2:0:0: Beginning Domain Validation
[   19.242430] scsi target2:0:0: Domain Validation skipping write tests
[   19.243312] scsi target2:0:0: Ending Domain Validation
[   19.244123] scsi target2:0:0: asynchronous
[   19.245117] scsi 2:0:1:0: Direct-Access     VBOX     HARDDISK         1.0  PQ: 0 ANSI: 5
[   19.246377] scsi target2:0:1: Beginning Domain Validation
[   19.256514] scsi target2:0:1: Domain Validation skipping write tests
[   19.259667] scsi target2:0:1: Ending Domain Validation
[   19.261715] scsi target2:0:1: asynchronous
[   19.628289] sd 2:0:0:0: Attached scsi generic sg0 type 0
[   19.628308] sd 2:0:0:0: [sda] 20971520 512-byte logical blocks: (10.7 GB/10.0 GiB)
[   19.628434] sd 2:0:0:0: [sda] Write Protect is off
[   19.628483] sd 2:0:0:0: [sda] Incomplete mode parameter data
[   19.628483] sd 2:0:0:0: [sda] Assuming drive cache: write through
[   19.630630]  sda: sda1
[   19.631042] sd 2:0:0:0: [sda] Attached SCSI disk
[   19.913007] floppy0: no floppy controllers found
[   19.913043] work still pending
[   20.226327] sd 2:0:1:0: Attached scsi generic sg1 type 0
[   20.226600] sd 2:0:1:0: [sdb] 20480 512-byte logical blocks: (10.5 MB/10.0 MiB)
[   20.227056] sd 2:0:1:0: [sdb] Write Protect is off
[   20.227206] sd 2:0:1:0: [sdb] Incomplete mode parameter data
[   20.227206] sd 2:0:1:0: [sdb] Assuming drive cache: write through
[   20.231086] sd 2:0:1:0: [sdb] Attached SCSI disk
Begin: Loading e[   21.555226] md: linear personality registered for level -1
ssential drivers[   22.024926] md: multipath personality registered for level -4
 ... [   22.204542] md: raid0 personality registered for level 0
[   22.209516] md: raid1 personality registered for level 1
[   22.281762] raid6: sse2x1   gen() 11377 MB/s
[   22.389758] raid6: sse2x1   xor()  8426 MB/s
[   22.469746] raid6: sse2x2   gen() 14083 MB/s
[   22.609742] raid6: sse2x2   xor()  9520 MB/s
[   22.813765] raid6: sse2x4   gen() 16253 MB/s
[   22.969741] raid6: sse2x4   xor() 11107 MB/s
[   23.089758] raid6: avx2x1   gen() 23084 MB/s
[   23.205758] raid6: avx2x2   gen() 25294 MB/s
[   23.277793] raid6: avx2x4   gen() 26470 MB/s
[   23.283786] raid6: using algorithm avx2x4 gen() 26470 MB/s
[   23.284571] raid6: using avx2x2 recovery algorithm
[   23.286509] xor: automatically using best checksumming function:
[   23.531690]    avx       : 52189.000 MB/sec
[   23.833155] async_tx: api initialized (async)
[   23.969393] md: raid6 personality registered for level 6
[   24.081940] md: raid5 personality registered for level 5
[   24.082781] md: raid4 personality registered for level 4
[   24.088739] md: raid10 personality registered for level 10
done.
Begin: Running /scripts/init-premount ... done.
Begin: Mounting root file system ... Begin: Running /scripts/local-top ... done.
Begin: Running /scripts/local-premount ... [   24.133460] Btrfs loaded
Scanning for Btrfs filesystems
done.
Warning: fsck not present, so skipping root file system
[   24.165982] EXT4-fs (sda1): mounted filesystem with ordered data mode. Opts: (null)
done.
Begin: Running /scripts/local-bottom ... done.
Begin: Running /scripts/init-bottom ... done.
[   24.331582] systemd[1]: systemd 229 running in system mode. (+PAM +AUDIT +SELINUX +IMA +APPARMOR +SMACK +SYSVINIT +UTMP +LIBCRYPTSETUP +GCRYPT +GNUTLS +ACL +XZ -LZ4 +SECCOMP +BLKID +ELFUTILS +KMOD -IDN)
[   24.413404] systemd[1]: Detected virtualization oracle.
[   24.671678] systemd[1]: Detected architecture x86-64.

Welcome to [1mUbuntu 16.04.3 LTS[0m!

[   24.835445] systemd[1]: Set hostname to <ubuntu-xenial>.
[   24.992922] systemd[1]: Listening on udev Control Socket.
[[0;32m  OK  [0m] Listening on udev Control Socket.
[   25.350046] systemd[1]: Listening on Journal Socket (/dev/log).
[[0;32m  OK  [0m] Listening on Journal Socket (/dev/log).
[   25.559763] systemd[1]: Listening on udev Kernel Socket.
[[0;32m  OK  [0m] Listening on udev Kernel Socket.
[   25.565838] systemd[1]: Reached target User and Group Name Lookups.
[[0;32m  OK  [0m] Reached target User and Group Name Lookups.
[   25.580909] systemd[1]: Created slice User and Session Slice.
[[0;32m  OK  [0m] Created slice User and Session Slice.
[   25.583421] systemd[1]: Listening on Syslog Socket.
[[0;32m  OK  [0m] Listening on Syslog Socket.
[   25.584744] systemd[1]: Started Forward Password Requests to Wall Directory Watch.
[[0;32m  OK  [0m] Started Forward Password Requests to Wall Directory Watch.
[   25.598198] systemd[1]: Listening on Deiice-mapper event aaemon FFFOs.
[[0;32m  OK  [0m] Listening on Device-mapper event daemon FIFOs.
[   26.029988] systemd[1]: Reached target Swap.
[[0;32m  OK  [0m] Reached target Swap.
[   26.390060] systemd[1]: Started Trigger resolvconf update for networkd DNS.
[[0;32m  OK  [0m] Started Trigger resolvconf update for networkd DNS.
[   26.552254] systemd[1]: Listening on /dev/initctl Compatibility Named Pipe.
[[0;32m  OK  [0m] Listening on /dev/initctl Compatibility Named Pipe.
[   26.554109] systemd[1]: Created slice System Slice.
[[0;32m  OK  [0m] Created slice System Slice.
[   26.573438] systemd[1]: Created slice system-serial\x2dgetty.slice.
[[0;32m  OK  [0m] Created slice system-serial\x2dgetty.slice.
[   26.576178] systemd[1]: Reached target Slices.
[[0;32m  OK  [0m] Reached target Slices.
[   26.577588] systemd[1]: Listening on Journal Audit Socket.
[[0;32m  OK  [0m] Listening on Journal Audit Socket.
[   26.580332] systemd[1]: Listening on Journal Socket.
[[0;32m  OK  [0m] Listening on Journal Socket.
[   26.593880] systemd[1]: Mounting Debug File System...
         Mounting Debug File System...
[   26.607987] systemd[1]: Starting Load Kernel Modules...
[   26.614826] Loading iSCSI transport class v2.0-870.
         Starting Load Kernel Modules...
[   26.617368] systemd[1]: Mounting POSIX Message Queue File System...
         Mounting POSIX Message Queue File System...
[   26.638030] systemd[1]: Starting Nameserver information manager...
         Starting Nameserver information manager...
[   26.639557] iscsi: registered transport (tcp)
[   26.639962] systemd[1]: Mounting Huge Pages File System...
         Mounting Huge Pages File System...
[   26.647884] systemd[1]: Starting Uncomplicated firewall...
         Starting Uncompl[   26.671722] iscsi: registered transport (iser)
icated firewall...
[   26.801144] systemd[1]: Reached target Encrypted Volumes.
[[0;32m  OK  [0m] Reached target Encrypted Volumes.
[   26.814026] systemd[1]: Starting Create list of required static device nodes for the current kernel...
[   27.098807] random: nonblocking pool is initialized
         Starting Create list of required st... nodes for the current kernel...
[  2.32931] ysmd]: Set up automount ArbitrarExutle FilFoats FileSyem Autou Pnt

[[0;32m  OK  [0m] Set up automount Arbitrary Executab...ats File System Automount Point.
[   28.208677] systemd[1]: Listening on LVM2 metadata daemon socket.
[[0;32m  OK  [0m] Listening on LVM2 metadata daemon socket.
[   28.221970] systemd[1]: Starting Monitoring of LVM2 mirrors, snapshots etc. using dmeventd or progress polling...
         Starting Monitoring of LVM2 mirrors... dmeventd or progress polling...
[   28.354501] systemd[1]: Starting Remount Root and Kernel File Systems...
         Starting Remount[   28.452609] EXT4-fs (sda1): re-mounted. Opts: (null)
 Root and Kernel File Systems...
[   28.560055] systemd[1]: Created slice system-postgresql.slice.
[[0;32m  OK  [0m] Created slice system-postgresql.slice.
[   28.562296] systemd[1]: Starting Set console keymap...
         Starting Set console keymap...
[   28.564404] systemd[1]: Starting Journal Service...
         Starting Journal Service...
[   28.723326] systemd[1]: Listening on LVM2 poll daemon socket.
[[0;32m  OK  [0m] Listening on LVM2 poll daemon socket.
[   28.728693] systemd[1]: Mounted POSIX Message Queue File System.
[[0;32m  OK  [0m] Mounted POSIX Message Queue File System.
[   28.754211] systemd[1]: Mounted Huge Pages File System.
[[0;32m  OK  [0m] Mounted Huge Pages File System.
[   28.756707] systemd[1]: Mounted Debug File System.
[[0;32m  OK  [0m] Mounted Debug File System.
[   28.759348] systemd[1]: Started Journal Service.
[[0;32m  OK  [0m] Started Journal Service.
[[0;32m  OK  [0m] Started Load Kernel Modules.
[[0;32m  OK  [0m] Started Uncomplicated firewall.
[[0;32m  OK  [0m] Started Create list of required sta...ce nodes for the current kernel.
[[0;32m  OK  [0m] Started Remount Root and Kernel File Systems.
[[0;32m  OK  [0m] Started Set console keymap.
[[0;32m  OK  [0m] Started Nameserver information manager.
[[0;32m  OK  [0m] Started LVM2 metadata daemon.
         Starting Initial cloud-init job (pre-networking)...
         Starting Load/Save Random Seed...
         Starting udev Coldplug all Devices...
         Starting Create Static Device Nodes in /dev...
         Mounting FUSE Control File System...
         Starting Apply Kernel Variables...
         Starting Flush Journal to Persistent Storage...
[[0;32m  OK  [0m] Mounted FUSE Control File System.
[[0;32m  OK  [0m] Started Load/Save Random Seed.
[[0;32m  OK  [0m] Started Create Static Device Nodes in /dev.
[[0;32m  OK  [0m] Started Apply Kernel Variables.
[[0;32m  OK  [0m] Started udev Coldplug all Devices.
[[0;32m  OK  [0m] Started Flush Journal to Persistent Storage.
         Starting udev Kernel Device Manager...
[[0;32m  OK  [0m] Started udev Kernel Device Manager.
[[0;32m  OK  [0m] Started Monitoring of LVM2 mirrors,...ng dmeventd or progress polling.
[[0;32m  OK  [0m] Found device /dev/ttyS0.
[[0;32m  OK  [0m] Started Dispatch Password Requests to Console Directory Watch.
[[0;32m  OK  [0m] Reached target Local File Systems (Pre).
[[0;32m  OK  [0m] Reached target Local File Systems.
         Starting LSB: AppArmor initialization...
[   21.541203] cloud-init[458]: Cloud-init v. 17.1 running 'init-local' at Wed, 07 Feb 2018 20:44:52 +0000. Up 21.31 seconds.
         Starting Tell Plymouth To Write Out Runtime Data...
         Starting Create Volatile Files and Directories...
         Starting Set console font and keymap...
[[0;32m  OK  [0m] Started Tell Plymouth To Write Out Runtime Data.
[[0;32m  OK  [0m] Started Create Volatile Files and Directories.
[[0;32m  OK  [0m] Started Set console font and keymap.
[[0;32m  OK  [0m] Started Initial cloud-init job (pre-networking).
[[0;32m  OK  [0m] Listening on Load/Save RF Kill Switch Status /dev/rfkill Watch.
[[0;32m  OK  [0m] Reached target Network (Pre).
[[0;32m  OK  [0m] Created slice system-getty.slice.
         Starting Update UTMP about System Boot/Shutdown...
[[0;32m  OK  [0m] Reached target System Time Synchronized.
[[0;32m  OK  [0m] Started LSB: AppArmor initialization.
[[0;32m  OK  [0m] Started Update UTMP about System Boot/Shutdown.
         Starting Raise network interfaces...
[[0;32m  OK  [0m] Started ifup for enp0s3.
[[0;32m  OK  [0m] Started Raise network interfaces.
         Starting Initial cloud-init job (metadata service crawler)...
[[0;32m  OK  [0m] Reached target Network.
[   24.755512] cloud-init[979]: Cloud-init v. 17.1 running 'init' at Wed, 07 Feb 2018 20:44:55 +0000. Up 24.49 seconds.
[   24.799170] cloud-init[979]: ci-info: +++++++++++++++++++++++++++++++++++++Net device info+++++++++++++++++++++++++++++++++++++
[   24.799413] cloud-init[979]: ci-info: +--------+------+---------------------------+---------------+-------+-------------------+
[   24.799746] cloud-init[979]: ci-info: | Device |  Up  |          Address          |      Mask     | Scope |     Hw-Address    |
[   24.799964] cloud-init[979]: ci-info: +--------+------+---------------------------+---------------+-------+-------------------+
[   24.800312] cloud-init[979]: ci-info: | enp0s3 | True |         10.0.2.15         | 255.255.255.0 |   .   | 02:38:07:4c:82:85 |
[   24.800531] cloud-init[979]: ci-info: | enp0s3 | True | fe80::38:7ff:fe4c:8285/64 |       .       |  link | 02:38:07:4c:82:85 |
[   24.800754] cloud-init[979]: ci-info: |   lo   | True |         127.0.0.1         |   255.0.0.0   |   .   |         .         |
[   24.800978] cloud-init[979]: ci-info: |   lo   | True |          ::1/128          |       .       |  host |         .         |
[   24.801217] cloud-init[979]: ci-info: +--------+------+---------------------------+---------------+-------+-------------------+
[   24.801438] cloud-init[979]: ci-info: +++++++++++++++++++++++++++Route IPv4 info++++++++++++++++++++++++++++
[   24.801671] cloud-init[979]: ci-info: +-------+-------------+----------+---------------+-----------+-------+
[   24.801893] cloud-init[979]: ci-info: | Route | Destination | Gateway  |    Genmask    | Interface | Flags |
[[0;32m  OK  [0m] Started Initial cloud-init job (metadata service crawler).
[   24.802116] cloud-init[979]: ci-info: +-------+-------------+----------+---------------+-----------+-------+
[   24.929892] cloud-init[979]: ci-info: |   0   |   0.0.0.0   | 10.0.2.2 |    0.0.0.0    |   enp0s3  |   UG  |
[   24.930556] cloud-init[979]: ci-info: |   1   |   10.0.2.0  | 0.0.0.0  | 255.255.255.0 |   enp0s3  |   U   |
[[0;32m  OK  [0m] Reached target Cloud-config availability.
[   24.930860] cloud-init[979]: ci-info: +-------+-------------+----------+---------------+-----------+-------+
[[0;32m  OK  [0m] Reached target System Initialization.
[[0;32m  OK  [0m] Listening on UUID daemon activation socket.
[[0;32m  OK  [0m] Started Daily Cleanup of Temporary Directories.
         Starting LXD - unix socket.
[[0;32m  OK  [0m] Started ACPI Events Check.
[[0;32m  OK  [0m] Reached target Paths.
[[0;32m  OK  [0m] Started Timer to automatically refresh installed snaps.
[[0;32m  OK  [0m] Listening on D-Bus System Message Bus Socket.
[[0;32m  OK  [0m] Listening on ACPID Listen Socket.
         Starting Socket activation for snappy daemon.
[[0;32m  OK  [0m] Reached target Network is Online.
[[0;32m  OK  [0m] Started Daily apt download activities.
[[0;32m  OK  [0m] Started Daily apt upgrade and clean activities.
[[0;32m  OK  [0m] Reached target Timers.
         Starting iSCSI initiator daemon (iscsid)...
[[0;32m  OK  [0m] Listening on LXD - unix socket.
[[0;32m  OK  [0m] Listening on Socket activation for snappy daemon.
[[0;32m  OK  [0m] Started iSCSI initiator daemon (iscsid).
         Starting Login to default iSCSI targets...
[[0;32m  OK  [0m] Reached target Sockets.
[[0;32m  OK  [0m] Reached target Basic System.
[[0;32m  OK  [0m] Started FUSE filesystem for LXC.
         Starting /etc/rc.local Compatibility...
         Starting PostgreSQL Cluster 9.4-main...
         Starting OpenBSD Secure Shell server...
         Starting Login Service...
[[0;32m  OK  [0m] Started Deferred execution scheduler.
[[0;32m  OK  [0m] Started ACPI event daemon.
         Starting Snappy daemon...
[[0;32m  OK  [0m] Started Unattended Upgrades Shutdown.
[[0;32m  OK  [0m] Started D-Bus System Message Bus.
         Starting LSB: MD monitoring daemon...
         Starting Accounts Service...
         Starting Apply the settings specified in cloud-config...
[[0;32m  OK  [0m] Started Regular background program processing daemon.
         Starting System Logging Service...
         Starting LSB: Record successful boot for GRUB...
         Starting LXD - container startup/shutdown...
[[0;32m  OK  [0m] Started OpenBSD Secure Shell server.
[[0;32m  OK  [0m] Started Snappy daemon.
[[0;32m  OK  [0m] Started System Logging Service.
[[0;32m  OK  [0m] Started /etc/rc.local Compatibility.
[[0;32m  OK  [0m] Started LXD - container startup/shutdown.
[[0;32m  OK  [0m] Started Login to default iSCSI targets.
[[0;32m  OK  [0m] Started LSB: MD monitoring daemon.
[[0;32m  OK  [0m] Started LSB: Record successful boot for GRUB.
[[0;32m  OK  [0m] Started Login Service.
[   26.464984] cloud-init[1084]: Cloud-init v. 17.1 running 'modules:config' at Wed, 07 Feb 2018 20:44:57 +0000. Up 26.36 seconds.
         Starting Authenticate and Authorize Users to Run Privileged Tasks...
[[0;32m  OK  [0m] Reached target Remote File Systems (Pre).
[[0;32m  OK  [0m] Reached target Remote File Systems.
         Starting LSB: Start/stop sysstat's sadc...
         Starting LSB: automatic crash report generation...
         Starting LSB: daemon to balance interrupts for SMP systems...
         Starting LSB: Set the CPU Frequency Scaling governor to "ondemand"...
         Starting Permit User Sessions...
         Starting LSB: VirtualBox Linux Additions...
[[0;32m  OK  [0m] Started Apply the settings specified in cloud-config.
[[0;32m  OK  [0m] Started Permit User Sessions.
[[0;32m  OK  [0m] Started Authenticate and Authorize Users to Run Privileged Tasks.
[[0;32m  OK  [0m] Started Accounts Service.
[[0;32m  OK  [0m] Started LSB: Start/stop sysstat's sadc.
[[0;32m  OK  [0m] Started LSB: Set the CPU Frequency Scaling governor to "ondemand".
[[0;32m  OK  [0m] Started LSB: automatic crash report generation.
[[0;32m  OK  [0m] Started LSB: daemon to balance interrupts for SMP systems.
[[0;32m  OK  [0m] Created slice User Slice of vagrant.
         Starting User Manager for UID 1000...
[[0;32m  OK  [0m] Started Session 1 of user vagrant.
         Starting Terminate Plymouth Boot Screen...
         Starting Hold until boot process finishes up...
[[0;32m  OK  [0m] Started User Manager for UID 1000.
[[0;32m  OK  [0m] Started LSB: VirtualBox Linux Additions.
[[0;32m  OK  [0m] Started Terminate Plymouth Boot Screen.
[[0;32m  OK  [0m] Started Hold until boot process finishes up.
[[0;32m  OK  [0m] Started Serial Getty on ttyS0.
         Starting Set console scheme...
[[0;32m  OK  [0m] Started Getty on tty1.
[[0;32m  OK  [0m] Reached target Login Prompts.
[[0;32m  OK  [0m] Started Set console scheme.
[[0;32m  OK  [0m] Started PostgreSQL Cluster 9.4-main.
         Starting PostgreSQL RDBMS...
[[0;32m  OK  [0m] Started PostgreSQL RDBMS.
[[0;32m  OK  [0m] Reached target Multi-User System.
[[0;32m  OK  [0m] Reached target Graphical Interface.
         Starting Update UTMP about System Runlevel Changes...
         Starting Execute cloud user/final scripts...
[[0;32m  OK  [0m] Started Update UTMP about System Runlevel Changes.
[   28.827646] cloud-init[1335]: Cloud-init v. 17.1 running 'modules:final' at Wed, 07 Feb 2018 20:45:00 +0000. Up 28.72 seconds.
[   28.838737] cloud-init[1335]: Cloud-init v. 17.1 finished at Wed, 07 Feb 2018 20:45:00 +0000. Datasource DataSourceNoCloud [seed=/dev/sdb][dsmode=net].  Up 28.82 seconds
[[0;32m  OK  [0m] Started Execute cloud user/final scripts.
[[0;32m  OK  [0m] Reached target Cloud-init target.

Ubuntu 16.04.3 LTS ubuntu-xenial ttyS0

ubuntu-xenial login: 